<|im_start|>system
Reasoning effort is set to xhigh. Please think carefully through the task, validate key assumptions, consider plausible alternatives, and prioritize correctness, consistency, and clarity in the final answer.

You are a coding agent.<|im_end|>
<|im_start|>user
Stop thinking from now on: <|think_off|><|im_end|>
<|im_start|>user
What is 1+1?<|im_end|>
