<|im_start|>system
Reasoning effort is set to xhigh. Please think carefully through the task, validate key assumptions, consider plausible alternatives, and prioritize correctness, consistency, and clarity in the final answer.

You are a multimodal coding agent.<|im_end|>
<|im_start|>user
What is in this image?<|vision_start|><|image_pad|><|vision_end|><|im_end|>
