<|im_start|>system
Reasoning effort is set to xhigh. Please think carefully through the task, validate key assumptions, consider plausible alternatives, and prioritize correctness, consistency, and clarity in the final answer.

You are a coding agent.<|im_end|>
<|im_start|>user
Why does X fail?<|im_end|>
<|im_start|>assistant
Because the guard is missing.<|im_end|>
<|im_start|>user
How to fix it?<|im_end|>
