<|im_start|>system
Reasoning effort is set to xhigh. Please think carefully through the task, validate key assumptions, consider plausible alternatives, and prioritize correctness, consistency, and clarity in the final answer.<|im_end|>
<|im_start|>user
<|think_xhigh|>hard question<|im_end|>
<|im_start|>assistant
<think>

</think>

a<|im_end|>
<|im_start|>user
<|think_low|>easy question<|im_end|>
<|im_start|>assistant
<think>

</think>

b<|im_end|>
