<|im_start|>system
Reasoning effort is set to low. Keep your thinking brief and focused, moving directly to the conclusion without unnecessary elaboration.<|im_end|>
<|im_start|>user
hard question<|im_end|>
<|im_start|>assistant
<think>

</think>

a<|im_end|>
<|im_start|>user
easy question<|im_end|>
<|im_start|>assistant
<think>

</think>

b<|im_end|>
